node:internal/errors:496
    ErrorCaptureStackTrace(err);
    ^

Error [ERR_MODULE_NOT_FOUND]: Cannot find package 'axios' imported from /Users/ankitkaushik/Desktop/ChatApp/server/test_add_contact.js
    at new NodeError (node:internal/errors:405:5)
    at packageResolve (node:internal/modules/esm/resolve:916:9)
    at moduleResolve (node:internal/modules/esm/resolve:973:20)
    at defaultResolve (node:internal/modules/esm/resolve:1206:11)
    at ModuleLoader.defaultResolve (node:internal/modules/esm/loader:404:12)
    at ModuleLoader.resolve (node:internal/modules/esm/loader:373:25)
    at ModuleLoader.getModuleJob (node:internal/modules/esm/loader:250:38)
    at ModuleWrap.<anonymous> (node:internal/modules/esm/module_job:76:39)
    at link (node:internal/modules/esm/module_job:75:36) {
  code: 'ERR_MODULE_NOT_FOUND'
}

Node.js v18.20.8
